\BOOKMARK [-1][-]{part.1}{\376\377\000I\000\040\000C\000h\000a\000r\000a\000c\000t\000e\000r\000i\000s\000t\000i\000c\000\040\000C\000l\000a\000s\000s\000e\000s}{}% 1
\BOOKMARK [0][-]{chapter.1}{\376\377\000S\000t\000i\000e\000f\000e\000l\000-\000W\000h\000i\000t\000n\000e\000y\000\040\000C\000l\000a\000s\000s\000e\000s}{part.1}% 2
\BOOKMARK [1][-]{section.1.1}{\376\377\000A\000x\000i\000o\000m\000a\000t\000i\000c\000\040\000d\000e\000f\000i\000n\000i\000t\000i\000o\000n\000s}{chapter.1}% 3
\BOOKMARK [1][-]{section.1.2}{\376\377\000E\000l\000e\000m\000e\000n\000t\000a\000r\000y\000\040\000c\000o\000m\000p\000u\000t\000a\000t\000i\000o\000n\000s\000\040\000i\000n\000\040\000S\000n\000\040\000a\000n\000d\000\040\000R\000P\000n}{chapter.1}% 4
\BOOKMARK [1][-]{section.1.3}{\376\377\000T\000h\000e\000\040\000T\000h\000o\000m\000\040\000i\000s\000o\000m\000o\000r\000p\000h\000i\000s\000m}{chapter.1}% 5
\BOOKMARK [1][-]{section.1.4}{\376\377\000E\000x\000i\000s\000t\000e\000n\000c\000e\000\040\000a\000n\000d\000\040\000u\000n\000i\000q\000u\000e\000n\000e\000s\000s\000\040\000o\000f\000\040\000t\000h\000e\000\040\000S\000t\000i\000e\000f\000e\000l\000-\000W\000h\000i\000t\000n\000e\000y\000\040\000c\000l\000a\000s\000s\000e\000s}{chapter.1}% 6
\BOOKMARK [1][-]{section.1.5}{\376\377\000E\000u\000l\000e\000r\000\040\000c\000l\000a\000s\000s\000e\000s}{chapter.1}% 7
\BOOKMARK [0][-]{chapter.2}{\376\377\000C\000o\000m\000p\000u\000t\000a\000t\000i\000o\000n\000s\000\040\000i\000n\000\040\000M\000a\000n\000i\000f\000o\000l\000d\000s}{part.1}% 8
\BOOKMARK [1][-]{section.2.1}{\376\377\000S\000o\000m\000e\000\040\000c\000o\000m\000m\000o\000n\000\040\000b\000u\000n\000d\000l\000e\000s\000\040\000o\000f\000\040\000a\000\040\000m\000a\000n\000i\000f\000o\000l\000d}{chapter.2}% 9
\BOOKMARK [1][-]{section.2.2}{\376\377\000T\000h\000e\000\040\000d\000i\000a\000g\000o\000n\000a\000l\000\040\000c\000o\000h\000o\000m\000o\000l\000o\000g\000y\000\040\000c\000l\000a\000s\000s}{chapter.2}% 10
\BOOKMARK [1][-]{section.2.3}{\376\377\000W\000u\000\040\000c\000l\000a\000s\000s}{chapter.2}% 11
\BOOKMARK [0][-]{chapter.3}{\376\377\000C\000h\000e\000r\000n\000\040\000C\000l\000a\000s\000s\000e\000s\000\040\000a\000n\000d\000\040\000P\000o\000n\000t\000r\000a\000j\000a\000g\000i\000n\000\040\000C\000l\000a\000s\000s\000e\000s}{part.1}% 12
\BOOKMARK [1][-]{section.3.1}{\376\377\000A\000\040\000q\000u\000i\000c\000k\000\040\000r\000e\000v\000i\000e\000w}{chapter.3}% 13
\BOOKMARK [1][-]{section.3.2}{\376\377\000C\000h\000e\000r\000n\000\040\000c\000l\000a\000s\000s\000e\000s}{chapter.3}% 14
\BOOKMARK [1][-]{section.3.3}{\376\377\000C\000h\000e\000r\000n\000-\000W\000e\000i\000l\000\040\000t\000h\000e\000o\000r\000y}{chapter.3}% 15
\BOOKMARK [1][-]{section.3.4}{\376\377\000P\000o\000n\000t\000r\000a\000j\000a\000g\000i\000n\000\040\000c\000l\000a\000s\000s\000e\000s}{chapter.3}% 16
\BOOKMARK [1][-]{section.3.5}{\376\377\000O\000r\000i\000e\000n\000t\000e\000d\000\040\000G\000r\000a\000s\000s\000m\000a\000n\000n\000i\000a\000n\000s}{chapter.3}% 17
\BOOKMARK [1][-]{section.3.6}{\376\377\000C\000h\000e\000r\000n\000\040\000n\000u\000m\000b\000e\000r\000s\000\040\000a\000n\000d\000\040\000P\000o\000n\000t\000r\000a\000j\000a\000g\000i\000n\000\040\000n\000u\000m\000b\000e\000r\000s}{chapter.3}% 18
\BOOKMARK [0][-]{chapter.4}{\376\377\000A\000\040\000l\000i\000t\000t\000l\000e\000\040\000b\000i\000t\000\040\000m\000o\000r\000e\000\040\000o\000n\000\040\000P\000o\000n\000t\000r\000a\000j\000a\000g\000i\000n\000\040\000c\000l\000a\000s\000s\000e\000s}{part.1}% 19
\BOOKMARK [1][-]{section.4.1}{\376\377\000C\000o\000b\000o\000r\000d\000i\000s\000m\000\040\000r\000i\000n\000g\000s}{chapter.4}% 20
\BOOKMARK [1][-]{section.4.2}{\376\377\000T\000h\000e\000\040\000H\000i\000r\000z\000e\000b\000r\000u\000c\000h\000\040\000s\000i\000g\000n\000a\000t\000u\000r\000e\000\040\000t\000h\000e\000o\000r\000e\000m}{chapter.4}% 21
\BOOKMARK [-1][-]{part.2}{\376\377\000I\000I\000\040\000B\000a\000s\000i\000c\000\040\000S\000t\000a\000b\000l\000e\000\040\000H\000o\000m\000o\000t\000o\000p\000y\000\040\000T\000h\000e\000o\000r\000y}{}% 22
\BOOKMARK [0][-]{chapter.5}{\376\377\000S\000p\000e\000c\000t\000r\000a}{part.2}% 23
\BOOKMARK [1][-]{section.5.1}{\376\377\000B\000a\000s\000i\000c\000\040\000c\000o\000n\000c\000e\000p\000t\000s}{chapter.5}% 24
\BOOKMARK [1][-]{section.5.2}{\376\377\000T\000h\000e\000\040\000s\000t\000a\000b\000l\000e\000\040\000-\000c\000a\000t\000e\000g\000o\000r\000y\000\040\000S\000p}{chapter.5}% 25
\BOOKMARK [0][-]{chapter.6}{\376\377\000C\000o\000n\000s\000t\000r\000u\000c\000t\000i\000o\000n\000s}{part.2}% 26
\BOOKMARK [1][-]{section.6.1}{\376\377\000B\000o\000u\000s\000f\000i\000e\000l\000d\000\040\000l\000o\000c\000a\000l\000i\000z\000a\000t\000i\000o\000n}{chapter.6}% 27
\BOOKMARK [0][-]{chapter.7}{\376\377\000S\000p\000e\000c\000t\000r\000a\000l\000\040\000s\000e\000q\000u\000e\000n\000c\000e\000s}{part.2}% 28
\BOOKMARK [1][-]{section.7.1}{\376\377\000T\000h\000e\000\040\000A\000t\000i\000y\000a\000h\000-\000H\000i\000r\000z\000e\000b\000r\000u\000c\000h\000\040\000s\000p\000e\000c\000t\000r\000a\000l\000\040\000s\000e\000q\000u\000e\000n\000c\000e}{chapter.7}% 29
\BOOKMARK [1][-]{section.7.2}{\376\377\000T\000h\000e\000\040\000M\000i\000l\000n\000o\000r\000\040\000s\000p\000e\000c\000t\000r\000a\000l\000\040\000s\000e\000q\000u\000e\000n\000c\000e}{chapter.7}% 30
\BOOKMARK [1][-]{section.7.3}{\376\377\000T\000h\000e\000\040\000A\000d\000a\000m\000s\000\040\000s\000p\000e\000c\000t\000r\000a\000l\000\040\000s\000e\000q\000u\000e\000n\000c\000e}{chapter.7}% 31
\BOOKMARK [0][-]{chapter.8}{\376\377\000T\000h\000e\000o\000r\000e\000m\000s}{part.2}% 32
\BOOKMARK [1][-]{section.8.1}{\376\377\000B\000o\000t\000t\000\040\000p\000e\000r\000i\000o\000d\000i\000c\000i\000t\000y}{chapter.8}% 33
\BOOKMARK [1][-]{section.8.2}{\376\377\000T\000h\000e\000\040\000n\000i\000l\000p\000o\000t\000e\000n\000c\000e\000\040\000t\000h\000e\000o\000r\000e\000m}{chapter.8}% 34
\BOOKMARK [2][-]{subsection.8.2.1}{\376\377\000P\000r\000e\000l\000i\000m\000i\000n\000a\000r\000y\000\040\000r\000e\000s\000u\000l\000t\000s}{section.8.2}% 35
\BOOKMARK [2][-]{subsection.8.2.2}{\376\377\000T\000h\000e\000\040\000c\000o\000n\000s\000t\000r\000u\000c\000t\000i\000o\000n\000\040\000o\000f\000\040\000X\000\050\000n\000\051\000\040\000a\000n\000d\000\040\000G\000j}{section.8.2}% 36
\BOOKMARK [-1][-]{part.3}{\376\377\000I\000I\000I\000\040\000C\000h\000r\000o\000m\000a\000t\000i\000c\000\040\000H\000o\000m\000o\000t\000o\000p\000y\000\040\000T\000h\000e\000o\000r\000y}{}% 37
\BOOKMARK [0][-]{chapter.9}{\376\377\000T\000h\000e\000\040\000L\000a\000z\000a\000r\000d\000\040\000R\000i\000n\000g\000\040\000a\000n\000d\000\040\000Q\000u\000i\000l\000l\000e\000n\000'\000s\000\040\000T\000h\000e\000o\000r\000e\000m}{part.3}% 38
\BOOKMARK [1][-]{section.9.1}{\376\377\000F\000o\000r\000m\000a\000l\000\040\000g\000r\000o\000u\000p\000\040\000l\000a\000w\000s\000\040\000a\000n\000d\000\040\000t\000h\000e\000\040\000L\000a\000z\000a\000r\000d\000\040\000r\000i\000n\000g}{chapter.9}% 39
\BOOKMARK [1][-]{section.9.2}{\376\377\000C\000o\000m\000p\000l\000e\000x\000\040\000o\000r\000i\000e\000n\000t\000e\000d\000\040\000c\000o\000h\000o\000m\000o\000l\000o\000g\000y\000\040\000t\000h\000e\000o\000r\000i\000e\000s}{chapter.9}% 40
\BOOKMARK [1][-]{section.9.3}{\376\377\000T\000h\000e\000\040\000c\000o\000m\000p\000l\000e\000x\000\040\000c\000o\000b\000o\000r\000i\000d\000s\000m\000\040\000s\000p\000e\000c\000t\000r\000u\000m\000\040\000M\000U}{chapter.9}% 41
\BOOKMARK [1][-]{section.9.4}{\376\377\000T\000h\000e\000\040\000A\000d\000a\000m\000s\000\040\000s\000p\000e\000c\000t\000r\000a\000l\000\040\000s\000e\000q\000u\000e\000n\000c\000e\000\040\000f\000o\000r\000\040\000M\000U}{chapter.9}% 42
\BOOKMARK [0][-]{chapter.10}{\376\377\000T\000h\000e\000\040\000m\000o\000d\000u\000l\000i\000\040\000s\000t\000a\000c\000k\000\040\000o\000f\000\040\000f\000o\000r\000m\000a\000l\000\040\000g\000r\000o\000u\000p\000s}{part.3}% 43
\BOOKMARK [1][-]{section.10.1}{\376\377\000T\000h\000e\000\040\000m\000o\000d\000u\000l\000i\000\040\000s\000t\000a\000c\000k\000\040\000M\000F\000G}{chapter.10}% 44
\BOOKMARK [1][-]{section.10.2}{\376\377\000T\000h\000e\000\040\000s\000t\000r\000a\000t\000i\000f\000i\000c\000a\000t\000i\000o\000n\000\040\000o\000n\000\040\000M\000F\000G}{chapter.10}% 45
\BOOKMARK [1][-]{section.10.3}{\376\377\000T\000h\000e\000\040\000L\000a\000n\000d\000w\000e\000b\000e\000r\000\040\000e\000x\000a\000c\000t\000\040\000f\000u\000n\000c\000t\000o\000r\000\040\000t\000h\000e\000o\000r\000e\000m}{chapter.10}% 46
\BOOKMARK [1][-]{section.10.4}{\376\377\000M\000o\000r\000a\000v\000a\000\040\000s\000t\000a\000b\000l\000i\000z\000e\000r\000\040\000g\000r\000o\000u\000p\000s}{chapter.10}% 47
\BOOKMARK [1][-]{section.10.5}{\376\377\000L\000u\000b\000i\000n\000-\000T\000a\000t\000e\000\040\000t\000h\000e\000o\000r\000y}{chapter.10}% 48
\BOOKMARK [0][-]{chapter.11}{\376\377\000M\000o\000r\000a\000v\000a\000\040\000E\000\040\000t\000h\000e\000o\000r\000y\000\040\000a\000n\000d\000\040\000M\000o\000r\000a\000v\000a\000\040\000K\000\040\000t\000h\000e\000o\000r\000y}{part.3}% 49
\BOOKMARK [1][-]{section.11.1}{\376\377\000L\000a\000n\000d\000w\000e\000b\000e\000r\000-\000e\000x\000a\000c\000t\000\040\000s\000p\000e\000c\000t\000r\000a}{chapter.11}% 50
\BOOKMARK [1][-]{section.11.2}{\376\377\000E\000\050\000n\000\051\000\040\000a\000n\000d\000\040\000K\000\050\000n\000\051}{chapter.11}% 51
\BOOKMARK [1][-]{section.11.3}{\376\377\000F\000i\000e\000l\000d\000s\000\040\000a\000n\000d\000\040\000u\000n\000i\000q\000u\000e\000n\000e\000s\000s\000\040\000o\000f\000\040\000K\000\050\000n\000\051}{chapter.11}% 52
\BOOKMARK [1][-]{section.11.4}{\376\377\000T\000h\000e\000\040\000p\000e\000r\000i\000o\000d\000i\000c\000i\000t\000y\000\040\000t\000h\000e\000o\000r\000e\000m}{chapter.11}% 53
\BOOKMARK [1][-]{section.11.5}{\376\377\000L\000o\000c\000a\000l\000i\000z\000a\000t\000i\000o\000n\000s}{chapter.11}% 54
\BOOKMARK [0][-]{chapter.12}{\376\377\000T\000h\000e\000\040\000C\000h\000r\000o\000m\000a\000t\000i\000c\000\040\000S\000p\000e\000c\000t\000r\000a\000l\000\040\000S\000e\000q\000u\000e\000n\000c\000e}{part.3}% 55
\BOOKMARK [1][-]{section.12.1}{\376\377\000P\000r\000o\000-\000o\000b\000j\000e\000c\000t\000s\000\040\000a\000n\000d\000\040\000s\000p\000e\000c\000t\000r\000a\000l\000\040\000s\000e\000q\000u\000e\000n\000c\000e\000s}{chapter.12}% 56
\BOOKMARK [1][-]{section.12.2}{\376\377\000T\000h\000e\000\040\000c\000h\000r\000o\000m\000a\000t\000i\000c\000\040\000t\000o\000w\000e\000r}{chapter.12}% 57
\BOOKMARK [1][-]{section.12.3}{\376\377\000T\000h\000e\000\040\000J\000-\000h\000o\000m\000o\000m\000o\000r\000p\000h\000i\000s\000m}{chapter.12}% 58
\BOOKMARK [0][-]{chapter.13}{\376\377\000A\000p\000p\000e\000n\000d\000i\000x\000:\000\040\000F\000o\000r\000m\000a\000l\000\040\000S\000c\000h\000e\000m\000e\000s}{part.3}% 59
\BOOKMARK [1][-]{section.13.1}{\376\377\000B\000a\000s\000i\000c\000\040\000d\000e\000f\000i\000n\000i\000t\000i\000o\000n\000s}{chapter.13}% 60
\BOOKMARK [1][-]{section.13.2}{\376\377\000S\000h\000e\000a\000v\000e\000s}{chapter.13}% 61
\BOOKMARK [0][-]{chapter.14}{\376\377\000A\000p\000p\000e\000n\000d\000i\000x\000:\000\040\000A\000l\000g\000e\000b\000r\000a\000i\000c\000\040\000S\000t\000a\000c\000k\000s}{part.3}% 62
\BOOKMARK [1][-]{section.14.1}{\376\377\000B\000a\000s\000i\000c\000\040\000D\000e\000f\000i\000n\000i\000t\000i\000o\000n\000s}{chapter.14}% 63
\BOOKMARK [1][-]{section.14.2}{\376\377\000C\000o\000n\000s\000t\000r\000u\000c\000t\000i\000o\000n\000s}{chapter.14}% 64
\BOOKMARK [0][-]{chapter.15}{\376\377\000A\000p\000p\000e\000n\000d\000i\000x\000:\000\040\000D\000e\000f\000o\000r\000m\000a\000t\000i\000o\000n\000\040\000T\000h\000e\000o\000r\000y}{part.3}% 65
\BOOKMARK [-1][-]{part.4}{\376\377\000I\000V\000\040\000K\000-\000t\000h\000e\000o\000r\000y}{}% 66
\BOOKMARK [0][-]{chapter.16}{\376\377\000B\000a\000s\000i\000c\000\040\000c\000o\000n\000s\000t\000r\000u\000c\000t\000i\000o\000n\000s\000\040\000i\000n\000\040\000K\000-\000t\000h\000e\000o\000r\000y}{part.4}% 67
\BOOKMARK [1][-]{section.16.1}{\376\377\000G\000r\000o\000u\000p\000\040\000c\000o\000m\000p\000l\000e\000t\000i\000o\000n}{chapter.16}% 68
\BOOKMARK [1][-]{section.16.2}{\376\377\000W\000a\000l\000d\000h\000a\000u\000s\000e\000n\000\040\000S\000-\000c\000o\000n\000s\000t\000r\000u\000c\000t\000i\000o\000n}{chapter.16}% 69
\BOOKMARK [0][-]{chapter.17}{\376\377\000T\000o\000p\000o\000l\000o\000g\000i\000c\000a\000l\000\040\000H\000o\000c\000h\000s\000c\000h\000i\000l\000d\000\040\000h\000o\000m\000o\000l\000o\000g\000y}{part.4}% 70
\BOOKMARK [1][-]{section.17.1}{\376\377\000C\000o\000m\000m\000o\000n\000\040\000d\000e\000f\000i\000n\000i\000t\000i\000o\000n\000s\000\040\000a\000n\000d\000\040\000f\000i\000r\000s\000t\000\040\000p\000r\000o\000p\000e\000r\000t\000i\000e\000s}{chapter.17}% 71
\BOOKMARK [1][-]{section.17.2}{\376\377\000G\000e\000n\000e\000r\000a\000l\000i\000z\000e\000d\000\040\000T\000h\000o\000m\000\040\000s\000p\000e\000c\000t\000r\000a\000\040\000a\000n\000d\000\040\000t\000h\000e\000\040\000p\000r\000o\000o\000f\000\040\000o\000f\000\040\000B\000o\000k\000s\000t\000e\000d\000t\000\040\000t\000h\000e\000o\000r\000e\000m}{chapter.17}% 72
\BOOKMARK [-1][-]{part.5}{\376\377\000V\000\040\000U\000n\000s\000t\000a\000b\000l\000e\000\040\000C\000h\000r\000o\000m\000a\000t\000i\000c\000\040\000H\000o\000m\000o\000t\000o\000p\000y\000\040\000T\000h\000e\000o\000r\000y}{}% 73
\BOOKMARK [0][-]{chapter.18}{\376\377\000C\000h\000r\000o\000m\000a\000t\000i\000c\000\040\000l\000o\000c\000a\000l\000i\000z\000a\000t\000i\000o\000n\000s\000\040\000o\000n\000\040\000s\000p\000a\000c\000e\000s}{part.5}% 74
\BOOKMARK [1][-]{section.18.1}{\376\377\000M\000o\000r\000e\000\040\000o\000n\000\040\000c\000h\000r\000o\000m\000a\000t\000i\000c\000\040\000l\000o\000c\000a\000l\000i\000z\000a\000t\000i\000o\000n\000s}{chapter.18}% 75
\BOOKMARK [1][-]{section.18.2}{\376\377\000L\000o\000c\000a\000l\000i\000z\000a\000t\000i\000o\000n\000s\000\040\000i\000n\000\040\000t\000h\000e\000\040\000c\000a\000t\000e\000g\000o\000r\000y\000\040\000A\000n\000*}{chapter.18}% 76
\BOOKMARK [1][-]{section.18.3}{\376\377\000T\000h\000e\000\040\000u\000n\000s\000t\000a\000b\000l\000e\000\040\000B\000o\000u\000s\000f\000i\000e\000l\000d\000\040\000c\000l\000a\000s\000s\000\040\000a\000n\000d\000\040\000B\000o\000u\000s\000f\000i\000e\000l\000d\000\040\000t\000h\000e\000o\000r\000e\000m}{chapter.18}% 77
\BOOKMARK [0][-]{chapter.19}{\376\377\000T\000h\000e\000\040\000B\000o\000u\000s\000f\000i\000e\000l\000d\000-\000K\000u\000h\000n\000\040\000f\000u\000n\000c\000t\000o\000r}{part.5}% 78
\BOOKMARK [1][-]{section.19.1}{\376\377\000U\000n\000s\000t\000a\000b\000l\000e\000\040\000t\000e\000l\000e\000s\000c\000o\000p\000i\000c\000\040\000l\000o\000c\000a\000l\000i\000z\000a\000t\000i\000o\000n\000s}{chapter.19}% 79
\BOOKMARK [1][-]{section.19.2}{\376\377\000T\000h\000e\000\040\000c\000o\000n\000s\000t\000r\000u\000c\000t\000i\000o\000n\000\040\000o\000f\000\040\000t\000h\000e\000\040\000B\000o\000u\000s\000f\000i\000e\000l\000d\000\040\000K\000u\000h\000n\000\040\000f\000u\000n\000c\000t\000o\000r}{chapter.19}% 80
\BOOKMARK [1][-]{section.19.3}{\376\377\000M\000o\000n\000a\000d\000i\000c\000i\000t\000y\000\040\000o\000f\000\040\000t\000h\000e\000\040\000B\000o\000u\000s\000f\000i\000e\000l\000d\000\040\000K\000u\000h\000n\000\040\000f\000u\000n\000c\000t\000o\000r}{chapter.19}% 81
\BOOKMARK [1][-]{section.19.4}{\376\377\000C\000a\000l\000c\000u\000l\000u\000s\000\040\000a\000n\000d\000\040\000d\000u\000a\000l\000\040\000c\000a\000l\000c\000u\000l\000u\000s\000\040\000o\000f\000\040\000f\000u\000n\000c\000t\000o\000r\000s}{chapter.19}% 82
\BOOKMARK [1][-]{section.19.5}{\376\377\000D\000u\000a\000l\000\040\000c\000a\000l\000c\000u\000l\000u\000s\000\040\000i\000n\000\040\000t\000h\000e\000\040\000T\000\050\000n\000\051\000-\000l\000o\000c\000a\000l\000\040\000c\000a\000t\000e\000g\000o\000r\000y\000\040\000a\000n\000d\000\040\000n\000i\000l\000p\000o\000t\000e\000n\000c\000e}{chapter.19}% 83
\BOOKMARK [1][-]{section.19.6}{\376\377\000C\000l\000a\000s\000s\000i\000c\000a\000l\000\040\000o\000p\000e\000r\000a\000d\000s\000\040\000a\000n\000d\000\040\000d\000e\000d\000u\000c\000t\000i\000o\000n\000\040\000o\000f\000\040\000t\000h\000e\000\040\000f\000i\000n\000a\000l\000\040\000s\000t\000a\000t\000e\000m\000e\000n\000t}{chapter.19}% 84
\BOOKMARK [-1][-]{part.6}{\376\377\000V\000I\000\040\000A\000m\000b\000i\000d\000e\000x\000t\000e\000r\000i\000t\000y}{}% 85
\BOOKMARK [0][-]{chapter.20}{\376\377\000A\000m\000b\000i\000d\000e\000x\000t\000e\000r\000i\000t\000y\000\040\000i\000n\000\040\000t\000e\000r\000m\000s\000\040\000o\000f\000\040\000A\000n\000n\000m}{part.6}% 86
\BOOKMARK [1][-]{section.20.1}{\376\377\000B\000e\000c\000k\000-\000C\000h\000e\000v\000a\000l\000l\000e\000y\000\040\000f\000i\000b\000r\000a\000t\000i\000o\000n\000s}{chapter.20}% 87
\BOOKMARK [1][-]{section.20.2}{\376\377\000T\000h\000e\000\040\000c\000a\000t\000e\000g\000o\000r\000y\000\040\000o\000f\000\040\000s\000p\000a\000n\000s}{chapter.20}% 88
\BOOKMARK [1][-]{section.20.3}{\376\377\000S\000e\000m\000i\000a\000d\000d\000i\000t\000i\000v\000i\000t\000y}{chapter.20}% 89
\BOOKMARK [1][-]{section.20.4}{\376\377\000A\000n\000n\000m\000\040\000a\000s\000\040\000a\000\040\000m\000o\000d\000e}{chapter.20}% 90
\BOOKMARK [0][-]{chapter.21}{\376\377\000S\000e\000m\000i\000a\000d\000d\000i\000t\000i\000v\000i\000t\000y}{part.6}% 91
\BOOKMARK [1][-]{section.21.1}{\376\377\000N\000o\000r\000m\000s\000\040\000a\000n\000d\000\040\000i\000n\000t\000e\000g\000r\000a\000l\000s}{chapter.21}% 92
\BOOKMARK [1][-]{section.21.2}{\376\377\000A\000p\000p\000l\000i\000c\000a\000t\000i\000o\000n\000\040\000t\000o\000\040\000l\000o\000c\000a\000l\000\040\000s\000y\000s\000t\000e\000m\000s}{chapter.21}% 93
\BOOKMARK [1][-]{section.21.3}{\376\377\000A\000r\000i\000t\000h\000m\000e\000t\000i\000c\000\040\000a\000s\000p\000e\000c\000t\000s}{chapter.21}% 94
\BOOKMARK [1][-]{section.21.4}{\376\377\000D\000e\000t\000e\000c\000t\000i\000n\000g\000\040\000s\000e\000m\000i\000a\000d\000d\000i\000t\000i\000v\000i\000t\000y}{chapter.21}% 95
\BOOKMARK [1][-]{section.21.5}{\376\377\000A\000p\000p\000l\000i\000c\000a\000t\000i\000o\000n\000s\000\040\000i\000n\000\040\000t\000h\000e\000\040\000c\000h\000r\000o\000m\000a\000t\000i\000c\000\040\000s\000e\000t\000t\000i\000n\000g\000s}{chapter.21}% 96
\BOOKMARK [0][-]{chapter.22}{\376\377\000S\000e\000m\000i\000a\000d\000d\000i\000t\000i\000v\000e\000\040\000H\000e\000i\000g\000h\000t}{part.6}% 97
